[ 2926058ms] [LOG] [Fast Refresh] rebuilding @ http://localhost:3210/_next/static/chunks/node_modules_next_dist_1ybzpk2._.js:2489
[ 2927082ms] [LOG] [Fast Refresh] done in 1132ms @ http://localhost:3210/_next/static/chunks/node_modules_next_dist_1ybzpk2._.js:2489
[ 2963818ms] [LOG] [Fast Refresh] rebuilding @ http://localhost:3210/_next/static/chunks/node_modules_next_dist_1ybzpk2._.js:2489
[ 2964358ms] [LOG] [Fast Refresh] done in 642ms @ http://localhost:3210/_next/static/chunks/node_modules_next_dist_1ybzpk2._.js:2489
[ 3024637ms] [LOG] [Fast Refresh] rebuilding @ http://localhost:3210/_next/static/chunks/node_modules_next_dist_1ybzpk2._.js:2489
[ 3025034ms] [LOG] [Fast Refresh] done in 508ms @ http://localhost:3210/_next/static/chunks/node_modules_next_dist_1ybzpk2._.js:2489
[ 3084813ms] [LOG] [Fast Refresh] rebuilding @ http://localhost:3210/_next/static/chunks/node_modules_next_dist_1ybzpk2._.js:2489
[ 3085266ms] [LOG] [Fast Refresh] done in 560ms @ http://localhost:3210/_next/static/chunks/node_modules_next_dist_1ybzpk2._.js:2489
[ 3098816ms] [LOG] [Fast Refresh] rebuilding @ http://localhost:3210/_next/static/chunks/node_modules_next_dist_1ybzpk2._.js:2489
[ 3099160ms] [LOG] [Fast Refresh] done in 453ms @ http://localhost:3210/_next/static/chunks/node_modules_next_dist_1ybzpk2._.js:2489
[ 3118679ms] [LOG] [Fast Refresh] rebuilding @ http://localhost:3210/_next/static/chunks/node_modules_next_dist_1ybzpk2._.js:2489
[ 3119133ms] [LOG] [Fast Refresh] done in 559ms @ http://localhost:3210/_next/static/chunks/node_modules_next_dist_1ybzpk2._.js:2489
[ 3151144ms] [LOG] [Fast Refresh] rebuilding @ http://localhost:3210/_next/static/chunks/node_modules_next_dist_1ybzpk2._.js:2489
[ 3151418ms] [LOG] [Fast Refresh] done in 388ms @ http://localhost:3210/_next/static/chunks/node_modules_next_dist_1ybzpk2._.js:2489
[ 3155631ms] [LOG] [Fast Refresh] rebuilding @ http://localhost:3210/_next/static/chunks/node_modules_next_dist_1ybzpk2._.js:2489
[ 3155972ms] [LOG] [Fast Refresh] done in 441ms @ http://localhost:3210/_next/static/chunks/node_modules_next_dist_1ybzpk2._.js:2489
[ 3217266ms] [LOG] [Fast Refresh] rebuilding @ http://localhost:3210/_next/static/chunks/node_modules_next_dist_1ybzpk2._.js:2489
[ 3217810ms] [LOG] [Fast Refresh] done in 659ms @ http://localhost:3210/_next/static/chunks/node_modules_next_dist_1ybzpk2._.js:2489
[ 3219257ms] [LOG] [Fast Refresh] rebuilding @ http://localhost:3210/_next/static/chunks/node_modules_next_dist_1ybzpk2._.js:2489
[ 3219585ms] [LOG] [Fast Refresh] done in 430ms @ http://localhost:3210/_next/static/chunks/node_modules_next_dist_1ybzpk2._.js:2489
[ 3231542ms] [LOG] [Fast Refresh] rebuilding @ http://localhost:3210/_next/static/chunks/node_modules_next_dist_1ybzpk2._.js:2489
[ 3232008ms] [LOG] [Fast Refresh] done in 571ms @ http://localhost:3210/_next/static/chunks/node_modules_next_dist_1ybzpk2._.js:2489
[ 3305433ms] [LOG] [Fast Refresh] rebuilding @ http://localhost:3210/_next/static/chunks/node_modules_next_dist_1ybzpk2._.js:2489
[ 3305834ms] [LOG] [Fast Refresh] done in 510ms @ http://localhost:3210/_next/static/chunks/node_modules_next_dist_1ybzpk2._.js:2489
[ 3316873ms] [LOG] [Fast Refresh] rebuilding @ http://localhost:3210/_next/static/chunks/node_modules_next_dist_1ybzpk2._.js:2489
[ 3317243ms] [LOG] [Fast Refresh] done in 476ms @ http://localhost:3210/_next/static/chunks/node_modules_next_dist_1ybzpk2._.js:2489
[ 3373181ms] [LOG] [Fast Refresh] rebuilding @ http://localhost:3210/_next/static/chunks/node_modules_next_dist_1ybzpk2._.js:2489
[ 3373570ms] [LOG] [Fast Refresh] done in 497ms @ http://localhost:3210/_next/static/chunks/node_modules_next_dist_1ybzpk2._.js:2489
[ 3381586ms] [LOG] [Fast Refresh] rebuilding @ http://localhost:3210/_next/static/chunks/node_modules_next_dist_1ybzpk2._.js:2489
[ 3381918ms] [LOG] [Fast Refresh] done in 440ms @ http://localhost:3210/_next/static/chunks/node_modules_next_dist_1ybzpk2._.js:2489
[ 3431528ms] [LOG] [Fast Refresh] rebuilding @ http://localhost:3210/_next/static/chunks/node_modules_next_dist_1ybzpk2._.js:2489
[ 3431906ms] [LOG] [Fast Refresh] done in 485ms @ http://localhost:3210/_next/static/chunks/node_modules_next_dist_1ybzpk2._.js:2489
[ 3439980ms] [LOG] [Fast Refresh] rebuilding @ http://localhost:3210/_next/static/chunks/node_modules_next_dist_1ybzpk2._.js:2489
[ 3440351ms] [LOG] [Fast Refresh] done in 479ms @ http://localhost:3210/_next/static/chunks/node_modules_next_dist_1ybzpk2._.js:2489
[ 3488930ms] [LOG] [Fast Refresh] rebuilding @ http://localhost:3210/_next/static/chunks/node_modules_next_dist_1ybzpk2._.js:2489
[ 3489351ms] [LOG] [Fast Refresh] done in 531ms @ http://localhost:3210/_next/static/chunks/node_modules_next_dist_1ybzpk2._.js:2489
[ 3509579ms] [LOG] [Fast Refresh] rebuilding @ http://localhost:3210/_next/static/chunks/node_modules_next_dist_1ybzpk2._.js:2489
[ 3510060ms] [LOG] [Fast Refresh] done in 584ms @ http://localhost:3210/_next/static/chunks/node_modules_next_dist_1ybzpk2._.js:2489
[ 3530720ms] [LOG] [Fast Refresh] rebuilding @ http://localhost:3210/_next/static/chunks/node_modules_next_dist_1ybzpk2._.js:2489
[ 3531054ms] [LOG] [Fast Refresh] done in 448ms @ http://localhost:3210/_next/static/chunks/node_modules_next_dist_1ybzpk2._.js:2489
[ 3567022ms] [LOG] [Fast Refresh] rebuilding @ http://localhost:3210/_next/static/chunks/node_modules_next_dist_1ybzpk2._.js:2489
[ 3567415ms] [LOG] [Fast Refresh] done in 498ms @ http://localhost:3210/_next/static/chunks/node_modules_next_dist_1ybzpk2._.js:2489
[ 3603211ms] [LOG] [Fast Refresh] rebuilding @ http://localhost:3210/_next/static/chunks/node_modules_next_dist_1ybzpk2._.js:2489
[ 3603480ms] [LOG] [Fast Refresh] done in 383ms @ http://localhost:3210/_next/static/chunks/node_modules_next_dist_1ybzpk2._.js:2489
[ 3653244ms] [LOG] [Fast Refresh] rebuilding @ http://localhost:3210/_next/static/chunks/node_modules_next_dist_1ybzpk2._.js:2489
[ 3653730ms] [LOG] [Fast Refresh] done in 598ms @ http://localhost:3210/_next/static/chunks/node_modules_next_dist_1ybzpk2._.js:2489
[ 3657645ms] [LOG] [Fast Refresh] rebuilding @ http://localhost:3210/_next/static/chunks/node_modules_next_dist_1ybzpk2._.js:2489
[ 3662409ms] [LOG] [Fast Refresh] done in 4041ms @ http://localhost:3210/_next/static/chunks/node_modules_next_dist_1ybzpk2._.js:2489
[ 3663726ms] [LOG] [Fast Refresh] rebuilding @ http://localhost:3210/_next/static/chunks/node_modules_next_dist_1ybzpk2._.js:2489
[ 3663773ms] [LOG] [Fast Refresh] done in 155ms @ http://localhost:3210/_next/static/chunks/node_modules_next_dist_1ybzpk2._.js:2489
[ 3680282ms] [LOG] [Fast Refresh] rebuilding @ http://localhost:3210/_next/static/chunks/node_modules_next_dist_1ybzpk2._.js:2489
[ 3680729ms] [LOG] [Fast Refresh] done in 548ms @ http://localhost:3210/_next/static/chunks/node_modules_next_dist_1ybzpk2._.js:2489
[ 3703719ms] [LOG] [Fast Refresh] rebuilding @ http://localhost:3210/_next/static/chunks/node_modules_next_dist_1ybzpk2._.js:2489
[ 3704036ms] [LOG] [Fast Refresh] done in 433ms @ http://localhost:3210/_next/static/chunks/node_modules_next_dist_1ybzpk2._.js:2489
[ 3741236ms] [LOG] [Fast Refresh] rebuilding @ http://localhost:3210/_next/static/chunks/node_modules_next_dist_1ybzpk2._.js:2489
[ 3741871ms] [LOG] [Fast Refresh] done in 739ms @ http://localhost:3210/_next/static/chunks/node_modules_next_dist_1ybzpk2._.js:2489
[ 3742512ms] [ERROR] Failed to load resource: net::ERR_CONNECTION_RESET @ http://localhost:3210/_next/image?url=%2Fproducts%2Fgalaxy-s26-ultra.webp&w=384&q=75:0
[ 3747244ms] [ERROR] Failed to load resource: net::ERR_CONNECTION_REFUSED @ http://localhost:3210/_next/image?url=%2Fproducts%2Fgalaxy-s26-ultra.webp&w=384&q=75:0
[ 3747855ms] [ERROR] WebSocket connection to 'ws://localhost:3210/_next/webpack-hmr?id=DGgs7tI0GwRE7ZMuDm-jk' failed: Error in connection establishment: net::ERR_CONNECTION_REFUSED @ http://localhost:3210/_next/static/chunks/node_modules_next_dist_client_0r5nbpw._.js:13422
[ 3751936ms] [ERROR] WebSocket connection to 'ws://localhost:3210/_next/webpack-hmr?id=DGgs7tI0GwRE7ZMuDm-jk' failed: Error in connection establishment: net::ERR_CONNECTION_REFUSED @ http://localhost:3210/_next/static/chunks/node_modules_next_dist_client_0r5nbpw._.js:13422
[ 3756034ms] [ERROR] WebSocket connection to 'ws://localhost:3210/_next/webpack-hmr?id=DGgs7tI0GwRE7ZMuDm-jk' failed: Error in connection establishment: net::ERR_CONNECTION_REFUSED @ http://localhost:3210/_next/static/chunks/node_modules_next_dist_client_0r5nbpw._.js:13422
[ 3760124ms] [ERROR] WebSocket connection to 'ws://localhost:3210/_next/webpack-hmr?id=DGgs7tI0GwRE7ZMuDm-jk' failed: Error in connection establishment: net::ERR_CONNECTION_REFUSED @ http://localhost:3210/_next/static/chunks/node_modules_next_dist_client_0r5nbpw._.js:13422
[ 3764211ms] [ERROR] WebSocket connection to 'ws://localhost:3210/_next/webpack-hmr?id=DGgs7tI0GwRE7ZMuDm-jk' failed: Error in connection establishment: net::ERR_CONNECTION_REFUSED @ http://localhost:3210/_next/static/chunks/node_modules_next_dist_client_0r5nbpw._.js:13422
[ 3771590ms] [ERROR] WebSocket connection to 'ws://localhost:3210/_next/webpack-hmr?id=DGgs7tI0GwRE7ZMuDm-jk' failed: Error in connection establishment: net::ERR_CONNECTION_REFUSED @ http://localhost:3210/_next/static/chunks/node_modules_next_dist_client_0r5nbpw._.js:13422
[ 3773149ms] [ERROR] Failed to load resource: net::ERR_CONNECTION_REFUSED @ http://localhost:3210/_next/image?url=%2Fproducts%2Fgalaxy-s26-ultra.webp&w=384&q=75:0
[ 3778963ms] [ERROR] WebSocket connection to 'ws://localhost:3210/_next/webpack-hmr?id=DGgs7tI0GwRE7ZMuDm-jk' failed: Error in connection establishment: net::ERR_CONNECTION_REFUSED @ http://localhost:3210/_next/static/chunks/node_modules_next_dist_client_0r5nbpw._.js:13422
[ 3786312ms] [ERROR] WebSocket connection to 'ws://localhost:3210/_next/webpack-hmr?id=DGgs7tI0GwRE7ZMuDm-jk' failed: Error in connection establishment: net::ERR_CONNECTION_REFUSED @ http://localhost:3210/_next/static/chunks/node_modules_next_dist_client_0r5nbpw._.js:13422
[ 3793659ms] [ERROR] WebSocket connection to 'ws://localhost:3210/_next/webpack-hmr?id=DGgs7tI0GwRE7ZMuDm-jk' failed: Error in connection establishment: net::ERR_CONNECTION_REFUSED @ http://localhost:3210/_next/static/chunks/node_modules_next_dist_client_0r5nbpw._.js:13422
[ 3799481ms] [LOG] [HMR] connected @ http://localhost:3210/_next/static/chunks/node_modules_next_dist_1ybzpk2._.js:2489
[ 3800836ms] [INFO] %cDownload the React DevTools for a better development experience: https://react.dev/link/react-devtools font-weight:bold @ http://localhost:3210/_next/static/chunks/node_modules_next_dist_1ybzpk2._.js:2489
[ 3800995ms] [LOG] [HMR] connected @ http://localhost:3210/_next/static/chunks/node_modules_next_dist_1ybzpk2._.js:2489
[ 3803239ms] [LOG] [Fast Refresh] rebuilding @ http://localhost:3210/_next/static/chunks/node_modules_next_dist_1ybzpk2._.js:2489
[ 3803667ms] [LOG] [Fast Refresh] done in 533ms @ http://localhost:3210/_next/static/chunks/node_modules_next_dist_1ybzpk2._.js:2489
[ 4225981ms] [LOG] [Fast Refresh] rebuilding @ http://localhost:3210/_next/static/chunks/node_modules_next_dist_1ybzpk2._.js:2489
[ 4226381ms] [LOG] [Fast Refresh] done in 502ms @ http://localhost:3210/_next/static/chunks/node_modules_next_dist_1ybzpk2._.js:2489
[ 4226619ms] [INFO] %cDownload the React DevTools for a better development experience: https://react.dev/link/react-devtools font-weight:bold @ http://localhost:3210/_next/static/chunks/node_modules_next_dist_1ybzpk2._.js:2489
[ 4226744ms] [LOG] [HMR] connected @ http://localhost:3210/_next/static/chunks/node_modules_next_dist_1ybzpk2._.js:2489
[ 4472217ms] [LOG] [Fast Refresh] rebuilding @ http://localhost:3210/_next/static/chunks/node_modules_next_dist_1ybzpk2._.js:2489
[ 4472536ms] [LOG] [Fast Refresh] done in 432ms @ http://localhost:3210/_next/static/chunks/node_modules_next_dist_1ybzpk2._.js:2489
[ 4492855ms] [LOG] [Fast Refresh] rebuilding @ http://localhost:3210/_next/static/chunks/node_modules_next_dist_1ybzpk2._.js:2489
[ 4510497ms] [LOG] [Fast Refresh] done in 17747ms @ http://localhost:3210/_next/static/chunks/node_modules_next_dist_1ybzpk2._.js:2489
[ 4510611ms] [LOG] [Fast Refresh] rebuilding @ http://localhost:3210/_next/static/chunks/node_modules_next_dist_1ybzpk2._.js:2489
[ 4511019ms] [LOG] [Fast Refresh] done in 514ms @ http://localhost:3210/_next/static/chunks/node_modules_next_dist_1ybzpk2._.js:2489
[ 4226619ms] [INFO] %cDownload the React DevTools for a better development experience: https://react.dev/link/react-devtools font-weight:bold @ http://localhost:3210/_next/static/chunks/node_modules_next_dist_1ybzpk2._.js:2489
[ 4226744ms] [LOG] [HMR] connected @ http://localhost:3210/_next/static/chunks/node_modules_next_dist_1ybzpk2._.js:2489
[ 4472217ms] [LOG] [Fast Refresh] rebuilding @ http://localhost:3210/_next/static/chunks/node_modules_next_dist_1ybzpk2._.js:2489
[ 4472536ms] [LOG] [Fast Refresh] done in 432ms @ http://localhost:3210/_next/static/chunks/node_modules_next_dist_1ybzpk2._.js:2489
[ 4492855ms] [LOG] [Fast Refresh] rebuilding @ http://localhost:3210/_next/static/chunks/node_modules_next_dist_1ybzpk2._.js:2489
[ 4510497ms] [LOG] [Fast Refresh] done in 17747ms @ http://localhost:3210/_next/static/chunks/node_modules_next_dist_1ybzpk2._.js:2489
[ 4510611ms] [LOG] [Fast Refresh] rebuilding @ http://localhost:3210/_next/static/chunks/node_modules_next_dist_1ybzpk2._.js:2489
[ 4511019ms] [LOG] [Fast Refresh] done in 514ms @ http://localhost:3210/_next/static/chunks/node_modules_next_dist_1ybzpk2._.js:2489
[ 4511197ms] [ERROR] Failed to load resource: the server responded with a status of 500 (Internal Server Error) @ http://localhost:3210/?_rsc=q3mOO9BClNZHexY7:0
[ 4511307ms] [LOG] [Fast Refresh] rebuilding @ http://localhost:3210/_next/static/chunks/node_modules_next_dist_1ybzpk2._.js:2489
[ 4511309ms] [LOG] [Fast Refresh] done in 108ms @ http://localhost:3210/_next/static/chunks/node_modules_next_dist_1ybzpk2._.js:2489
[ 4511404ms] [ERROR] Failed to load resource: the server responded with a status of 500 (Internal Server Error) @ http://localhost:3210/:0
[ 4511627ms] [INFO] %cDownload the React DevTools for a better development experience: https://react.dev/link/react-devtools font-weight:bold @ http://localhost:3210/_next/static/chunks/node_modules_react-dom_0kla17-._.js:15305
[ 4511741ms] Error: An unexpected Turbopack error occurred. Please see the output of `next dev` for more details.
    at getServerError (http://localhost:3210/_next/static/chunks/node_modules_next_dist_1gdrd03._.js:2075:62)
    at http://localhost:3210/_next/static/chunks/node_modules_next_dist_client_16lnmlo._.js:3677:27
[ 4511745ms] [LOG] [HMR] connected @ http://localhost:3210/_next/static/chunks/node_modules_next_dist_1gdrd03._.js:1226
[ 4571639ms] [ERROR] WebSocket connection to 'ws://localhost:3210/_next/webpack-hmr' failed: Error in connection establishment: net::ERR_CONNECTION_REFUSED @ http://localhost:3210/_next/static/chunks/node_modules_next_dist_client_16lnmlo._.js:2343
[ 4575739ms] [ERROR] WebSocket connection to 'ws://localhost:3210/_next/webpack-hmr' failed: Error in connection establishment: net::ERR_CONNECTION_REFUSED @ http://localhost:3210/_next/static/chunks/node_modules_next_dist_client_16lnmlo._.js:2343
[ 4579814ms] [ERROR] WebSocket connection to 'ws://localhost:3210/_next/webpack-hmr' failed: Error in connection establishment: net::ERR_CONNECTION_REFUSED @ http://localhost:3210/_next/static/chunks/node_modules_next_dist_client_16lnmlo._.js:2343
[ 4583670ms] [LOG] [HMR] connected @ http://localhost:3210/_next/static/chunks/node_modules_next_dist_1gdrd03._.js:1226
[ 4584132ms] [ERROR] Failed to load resource: the server responded with a status of 500 (Internal Server Error) @ http://localhost:3210/:0
[ 4584208ms] [INFO] %cDownload the React DevTools for a better development experience: https://react.dev/link/react-devtools font-weight:bold @ http://localhost:3210/_next/static/chunks/node_modules_react-dom_0kla17-._.js:15305
[ 4584225ms] Error: An unexpected Turbopack error occurred. Please see the output of `next dev` for more details.
    at getServerError (http://localhost:3210/_next/static/chunks/node_modules_next_dist_1gdrd03._.js:2075:62)
    at http://localhost:3210/_next/static/chunks/node_modules_next_dist_client_16lnmlo._.js:3677:27
[ 4584238ms] [LOG] [HMR] connected @ http://localhost:3210/_next/static/chunks/node_modules_next_dist_1gdrd03._.js:1226
