[  467137ms] [LOG] [Fast Refresh] rebuilding @ http://localhost:3210/_next/static/chunks/node_modules_next_dist_1ybzpk2._.js:2489
[  468154ms] [LOG] [Fast Refresh] done in 1124ms @ http://localhost:3210/_next/static/chunks/node_modules_next_dist_1ybzpk2._.js:2489
[  504898ms] [LOG] [Fast Refresh] rebuilding @ http://localhost:3210/_next/static/chunks/node_modules_next_dist_1ybzpk2._.js:2489
[  505438ms] [LOG] [Fast Refresh] done in 642ms @ http://localhost:3210/_next/static/chunks/node_modules_next_dist_1ybzpk2._.js:2489
[  565719ms] [LOG] [Fast Refresh] rebuilding @ http://localhost:3210/_next/static/chunks/node_modules_next_dist_1ybzpk2._.js:2489
[  566123ms] [LOG] [Fast Refresh] done in 515ms @ http://localhost:3210/_next/static/chunks/node_modules_next_dist_1ybzpk2._.js:2489
[  625892ms] [LOG] [Fast Refresh] rebuilding @ http://localhost:3210/_next/static/chunks/node_modules_next_dist_1ybzpk2._.js:2489
[  626345ms] [LOG] [Fast Refresh] done in 558ms @ http://localhost:3210/_next/static/chunks/node_modules_next_dist_1ybzpk2._.js:2489
[  639895ms] [LOG] [Fast Refresh] rebuilding @ http://localhost:3210/_next/static/chunks/node_modules_next_dist_1ybzpk2._.js:2489
[  640239ms] [LOG] [Fast Refresh] done in 453ms @ http://localhost:3210/_next/static/chunks/node_modules_next_dist_1ybzpk2._.js:2489
[  659758ms] [LOG] [Fast Refresh] rebuilding @ http://localhost:3210/_next/static/chunks/node_modules_next_dist_1ybzpk2._.js:2489
[  660212ms] [LOG] [Fast Refresh] done in 559ms @ http://localhost:3210/_next/static/chunks/node_modules_next_dist_1ybzpk2._.js:2489
[  692220ms] [LOG] [Fast Refresh] rebuilding @ http://localhost:3210/_next/static/chunks/node_modules_next_dist_1ybzpk2._.js:2489
[  692497ms] [LOG] [Fast Refresh] done in 388ms @ http://localhost:3210/_next/static/chunks/node_modules_next_dist_1ybzpk2._.js:2489
[  696710ms] [LOG] [Fast Refresh] rebuilding @ http://localhost:3210/_next/static/chunks/node_modules_next_dist_1ybzpk2._.js:2489
[  697051ms] [LOG] [Fast Refresh] done in 441ms @ http://localhost:3210/_next/static/chunks/node_modules_next_dist_1ybzpk2._.js:2489
[  758345ms] [LOG] [Fast Refresh] rebuilding @ http://localhost:3210/_next/static/chunks/node_modules_next_dist_1ybzpk2._.js:2489
[  758889ms] [LOG] [Fast Refresh] done in 659ms @ http://localhost:3210/_next/static/chunks/node_modules_next_dist_1ybzpk2._.js:2489
[  760336ms] [LOG] [Fast Refresh] rebuilding @ http://localhost:3210/_next/static/chunks/node_modules_next_dist_1ybzpk2._.js:2489
[  760676ms] [LOG] [Fast Refresh] done in 443ms @ http://localhost:3210/_next/static/chunks/node_modules_next_dist_1ybzpk2._.js:2489
[  772621ms] [LOG] [Fast Refresh] rebuilding @ http://localhost:3210/_next/static/chunks/node_modules_next_dist_1ybzpk2._.js:2489
[  773087ms] [LOG] [Fast Refresh] done in 571ms @ http://localhost:3210/_next/static/chunks/node_modules_next_dist_1ybzpk2._.js:2489
[  846511ms] [LOG] [Fast Refresh] rebuilding @ http://localhost:3210/_next/static/chunks/node_modules_next_dist_1ybzpk2._.js:2489
[  846914ms] [LOG] [Fast Refresh] done in 510ms @ http://localhost:3210/_next/static/chunks/node_modules_next_dist_1ybzpk2._.js:2489
[  857952ms] [LOG] [Fast Refresh] rebuilding @ http://localhost:3210/_next/static/chunks/node_modules_next_dist_1ybzpk2._.js:2489
[  858322ms] [LOG] [Fast Refresh] done in 476ms @ http://localhost:3210/_next/static/chunks/node_modules_next_dist_1ybzpk2._.js:2489
[  914260ms] [LOG] [Fast Refresh] rebuilding @ http://localhost:3210/_next/static/chunks/node_modules_next_dist_1ybzpk2._.js:2489
[  914649ms] [LOG] [Fast Refresh] done in 497ms @ http://localhost:3210/_next/static/chunks/node_modules_next_dist_1ybzpk2._.js:2489
[  922668ms] [LOG] [Fast Refresh] rebuilding @ http://localhost:3210/_next/static/chunks/node_modules_next_dist_1ybzpk2._.js:2489
[  922997ms] [LOG] [Fast Refresh] done in 440ms @ http://localhost:3210/_next/static/chunks/node_modules_next_dist_1ybzpk2._.js:2489
[  972607ms] [LOG] [Fast Refresh] rebuilding @ http://localhost:3210/_next/static/chunks/node_modules_next_dist_1ybzpk2._.js:2489
[  972985ms] [LOG] [Fast Refresh] done in 485ms @ http://localhost:3210/_next/static/chunks/node_modules_next_dist_1ybzpk2._.js:2489
[  981059ms] [LOG] [Fast Refresh] rebuilding @ http://localhost:3210/_next/static/chunks/node_modules_next_dist_1ybzpk2._.js:2489
[  981430ms] [LOG] [Fast Refresh] done in 479ms @ http://localhost:3210/_next/static/chunks/node_modules_next_dist_1ybzpk2._.js:2489
[ 1030009ms] [LOG] [Fast Refresh] rebuilding @ http://localhost:3210/_next/static/chunks/node_modules_next_dist_1ybzpk2._.js:2489
[ 1030430ms] [LOG] [Fast Refresh] done in 530ms @ http://localhost:3210/_next/static/chunks/node_modules_next_dist_1ybzpk2._.js:2489
[ 1050659ms] [LOG] [Fast Refresh] rebuilding @ http://localhost:3210/_next/static/chunks/node_modules_next_dist_1ybzpk2._.js:2489
[ 1051139ms] [LOG] [Fast Refresh] done in 584ms @ http://localhost:3210/_next/static/chunks/node_modules_next_dist_1ybzpk2._.js:2489
[ 1071799ms] [LOG] [Fast Refresh] rebuilding @ http://localhost:3210/_next/static/chunks/node_modules_next_dist_1ybzpk2._.js:2489
[ 1072133ms] [LOG] [Fast Refresh] done in 448ms @ http://localhost:3210/_next/static/chunks/node_modules_next_dist_1ybzpk2._.js:2489
[ 1108101ms] [LOG] [Fast Refresh] rebuilding @ http://localhost:3210/_next/static/chunks/node_modules_next_dist_1ybzpk2._.js:2489
[ 1108493ms] [LOG] [Fast Refresh] done in 499ms @ http://localhost:3210/_next/static/chunks/node_modules_next_dist_1ybzpk2._.js:2489
[ 1144290ms] [LOG] [Fast Refresh] rebuilding @ http://localhost:3210/_next/static/chunks/node_modules_next_dist_1ybzpk2._.js:2489
[ 1144559ms] [LOG] [Fast Refresh] done in 383ms @ http://localhost:3210/_next/static/chunks/node_modules_next_dist_1ybzpk2._.js:2489
[ 1194323ms] [LOG] [Fast Refresh] rebuilding @ http://localhost:3210/_next/static/chunks/node_modules_next_dist_1ybzpk2._.js:2489
[ 1194809ms] [LOG] [Fast Refresh] done in 598ms @ http://localhost:3210/_next/static/chunks/node_modules_next_dist_1ybzpk2._.js:2489
[ 1198716ms] [LOG] [Fast Refresh] rebuilding @ http://localhost:3210/_next/static/chunks/node_modules_next_dist_1ybzpk2._.js:2489
[ 1203487ms] [LOG] [Fast Refresh] done in 4055ms @ http://localhost:3210/_next/static/chunks/node_modules_next_dist_1ybzpk2._.js:2489
[ 1204792ms] [LOG] [Fast Refresh] rebuilding @ http://localhost:3210/_next/static/chunks/node_modules_next_dist_1ybzpk2._.js:2489
[ 1204883ms] [LOG] [Fast Refresh] done in 195ms @ http://localhost:3210/_next/static/chunks/node_modules_next_dist_1ybzpk2._.js:2489
[ 1221361ms] [LOG] [Fast Refresh] rebuilding @ http://localhost:3210/_next/static/chunks/node_modules_next_dist_1ybzpk2._.js:2489
[ 1221807ms] [LOG] [Fast Refresh] done in 548ms @ http://localhost:3210/_next/static/chunks/node_modules_next_dist_1ybzpk2._.js:2489
[ 1244798ms] [LOG] [Fast Refresh] rebuilding @ http://localhost:3210/_next/static/chunks/node_modules_next_dist_1ybzpk2._.js:2489
[ 1245115ms] [LOG] [Fast Refresh] done in 433ms @ http://localhost:3210/_next/static/chunks/node_modules_next_dist_1ybzpk2._.js:2489
[ 1282315ms] [LOG] [Fast Refresh] rebuilding @ http://localhost:3210/_next/static/chunks/node_modules_next_dist_1ybzpk2._.js:2489
[ 1282949ms] [LOG] [Fast Refresh] done in 738ms @ http://localhost:3210/_next/static/chunks/node_modules_next_dist_1ybzpk2._.js:2489
[ 1285922ms] [ERROR] Failed to load resource: net::ERR_CONNECTION_REFUSED @ http://localhost:3210/_next/image?url=%2Fproducts%2Fgalaxy-s26-ultra.webp&w=384&q=75:0
[ 1286162ms] [ERROR] Failed to load resource: net::ERR_CONNECTION_REFUSED @ http://localhost:3210/favicon.ico?favicon.2vob68tjqpejf.ico:0
[ 1286889ms] [ERROR] WebSocket connection to 'ws://localhost:3210/_next/webpack-hmr?id=C4Q5BudQgQ_WfB5tSmKgf' failed: Error in connection establishment: net::ERR_CONNECTION_REFUSED @ http://localhost:3210/_next/static/chunks/node_modules_next_dist_client_0r5nbpw._.js:13422
[ 1290971ms] [ERROR] WebSocket connection to 'ws://localhost:3210/_next/webpack-hmr?id=C4Q5BudQgQ_WfB5tSmKgf' failed: Error in connection establishment: net::ERR_CONNECTION_REFUSED @ http://localhost:3210/_next/static/chunks/node_modules_next_dist_client_0r5nbpw._.js:13422
[ 1295059ms] [ERROR] WebSocket connection to 'ws://localhost:3210/_next/webpack-hmr?id=C4Q5BudQgQ_WfB5tSmKgf' failed: Error in connection establishment: net::ERR_CONNECTION_REFUSED @ http://localhost:3210/_next/static/chunks/node_modules_next_dist_client_0r5nbpw._.js:13422
[ 1299153ms] [ERROR] WebSocket connection to 'ws://localhost:3210/_next/webpack-hmr?id=C4Q5BudQgQ_WfB5tSmKgf' failed: Error in connection establishment: net::ERR_CONNECTION_REFUSED @ http://localhost:3210/_next/static/chunks/node_modules_next_dist_client_0r5nbpw._.js:13422
[ 1302988ms] [ERROR] Failed to load resource: net::ERR_CONNECTION_REFUSED @ http://localhost:3210/_next/image?url=%2Fproducts%2Fgalaxy-s26-ultra.webp&w=384&q=75:0
[ 1303254ms] [ERROR] WebSocket connection to 'ws://localhost:3210/_next/webpack-hmr?id=C4Q5BudQgQ_WfB5tSmKgf' failed: Error in connection establishment: net::ERR_CONNECTION_REFUSED @ http://localhost:3210/_next/static/chunks/node_modules_next_dist_client_0r5nbpw._.js:13422
[ 1310631ms] [ERROR] WebSocket connection to 'ws://localhost:3210/_next/webpack-hmr?id=C4Q5BudQgQ_WfB5tSmKgf' failed: Error in connection establishment: net::ERR_CONNECTION_REFUSED @ http://localhost:3210/_next/static/chunks/node_modules_next_dist_client_0r5nbpw._.js:13422
[ 1317981ms] [ERROR] WebSocket connection to 'ws://localhost:3210/_next/webpack-hmr?id=C4Q5BudQgQ_WfB5tSmKgf' failed: Error in connection establishment: net::ERR_CONNECTION_REFUSED @ http://localhost:3210/_next/static/chunks/node_modules_next_dist_client_0r5nbpw._.js:13422
[ 1325348ms] [ERROR] WebSocket connection to 'ws://localhost:3210/_next/webpack-hmr?id=C4Q5BudQgQ_WfB5tSmKgf' failed: Error in connection establishment: net::ERR_CONNECTION_REFUSED @ http://localhost:3210/_next/static/chunks/node_modules_next_dist_client_0r5nbpw._.js:13422
[ 1327012ms] [ERROR] Failed to load resource: net::ERR_CONNECTION_REFUSED @ http://localhost:3210/_next/image?url=%2Fproducts%2Fgalaxy-s26-ultra.webp&w=384&q=75:0
[ 1332698ms] [ERROR] WebSocket connection to 'ws://localhost:3210/_next/webpack-hmr?id=C4Q5BudQgQ_WfB5tSmKgf' failed: Error in connection establishment: net::ERR_CONNECTION_REFUSED @ http://localhost:3210/_next/static/chunks/node_modules_next_dist_client_0r5nbpw._.js:13422
[ 1338374ms] [LOG] [HMR] connected @ http://localhost:3210/_next/static/chunks/node_modules_next_dist_1ybzpk2._.js:2489
[ 1341430ms] [INFO] %cDownload the React DevTools for a better development experience: https://react.dev/link/react-devtools font-weight:bold @ http://localhost:3210/_next/static/chunks/node_modules_next_dist_1ybzpk2._.js:2489
[ 1341614ms] [LOG] [HMR] connected @ http://localhost:3210/_next/static/chunks/node_modules_next_dist_1ybzpk2._.js:2489
[ 1344317ms] [LOG] [Fast Refresh] rebuilding @ http://localhost:3210/_next/static/chunks/node_modules_next_dist_1ybzpk2._.js:2489
[ 1344746ms] [LOG] [Fast Refresh] done in 533ms @ http://localhost:3210/_next/static/chunks/node_modules_next_dist_1ybzpk2._.js:2489
[ 1760288ms] [WARNING] Image with src "/products/honor-magic-v5.webp" was detected as the Largest Contentful Paint (LCP). Please add the `loading="eager"` property if this image is above the fold.
Read more: https://nextjs.org/docs/app/api-reference/components/image#loading @ http://localhost:3210/_next/static/chunks/node_modules_next_dist_1ybzpk2._.js:2489
[ 1767060ms] [LOG] [Fast Refresh] rebuilding @ http://localhost:3210/_next/static/chunks/node_modules_next_dist_1ybzpk2._.js:2489
[ 1767460ms] [LOG] [Fast Refresh] done in 502ms @ http://localhost:3210/_next/static/chunks/node_modules_next_dist_1ybzpk2._.js:2489
[ 2013295ms] [LOG] [Fast Refresh] rebuilding @ http://localhost:3210/_next/static/chunks/node_modules_next_dist_1ybzpk2._.js:2489
[ 2013613ms] [LOG] [Fast Refresh] done in 426ms @ http://localhost:3210/_next/static/chunks/node_modules_next_dist_1ybzpk2._.js:2489
[ 2033934ms] [LOG] [Fast Refresh] rebuilding @ http://localhost:3210/_next/static/chunks/node_modules_next_dist_1ybzpk2._.js:2489
[ 2051576ms] [LOG] [Fast Refresh] done in 17748ms @ http://localhost:3210/_next/static/chunks/node_modules_next_dist_1ybzpk2._.js:2489
[ 2051690ms] [LOG] [Fast Refresh] rebuilding @ http://localhost:3210/_next/static/chunks/node_modules_next_dist_1ybzpk2._.js:2489
[ 2052092ms] [ERROR] Failed to load resource: the server responded with a status of 500 (Internal Server Error) @ http://localhost:3210/?_rsc=q3mOO9BClNZHexY7:0
[ 2052098ms] [LOG] [Fast Refresh] done in 513ms @ http://localhost:3210/_next/static/chunks/node_modules_next_dist_1ybzpk2._.js:2489
[ 2052350ms] [ERROR] Failed to load resource: the server responded with a status of 500 (Internal Server Error) @ http://localhost:3210/?_rsc=q3mOO9BClNZHexY7:0
[ 2052391ms] [ERROR] Failed to load resource: the server responded with a status of 500 (Internal Server Error) @ http://localhost:3210/:0
[ 2052577ms] [INFO] %cDownload the React DevTools for a better development experience: https://react.dev/link/react-devtools font-weight:bold @ http://localhost:3210/_next/static/chunks/node_modules_react-dom_0kla17-._.js:15305
[ 2052724ms] Error: An unexpected Turbopack error occurred. Please see the output of `next dev` for more details.
    at getServerError (http://localhost:3210/_next/static/chunks/node_modules_next_dist_1gdrd03._.js:2075:62)
    at http://localhost:3210/_next/static/chunks/node_modules_next_dist_client_16lnmlo._.js:3677:27
[ 2052721ms] [LOG] [HMR] connected @ http://localhost:3210/_next/static/chunks/node_modules_next_dist_1gdrd03._.js:1226
[ 2114776ms] [ERROR] WebSocket connection to 'ws://localhost:3210/_next/webpack-hmr' failed: Error in connection establishment: net::ERR_CONNECTION_REFUSED @ http://localhost:3210/_next/static/chunks/node_modules_next_dist_client_16lnmlo._.js:2343
[ 2118855ms] [ERROR] WebSocket connection to 'ws://localhost:3210/_next/webpack-hmr' failed: Error in connection establishment: net::ERR_CONNECTION_REFUSED @ http://localhost:3210/_next/static/chunks/node_modules_next_dist_client_16lnmlo._.js:2343
[ 2122940ms] [ERROR] WebSocket connection to 'ws://localhost:3210/_next/webpack-hmr' failed: Error in connection establishment: net::ERR_CONNECTION_REFUSED @ http://localhost:3210/_next/static/chunks/node_modules_next_dist_client_16lnmlo._.js:2343
[ 2124770ms] [LOG] [HMR] connected @ http://localhost:3210/_next/static/chunks/node_modules_next_dist_1gdrd03._.js:1226
[ 2125274ms] [ERROR] Failed to load resource: the server responded with a status of 500 (Internal Server Error) @ http://localhost:3210/:0
[ 2125350ms] [INFO] %cDownload the React DevTools for a better development experience: https://react.dev/link/react-devtools font-weight:bold @ http://localhost:3210/_next/static/chunks/node_modules_react-dom_0kla17-._.js:15305
[ 2125363ms] Error: An unexpected Turbopack error occurred. Please see the output of `next dev` for more details.
    at getServerError (http://localhost:3210/_next/static/chunks/node_modules_next_dist_1gdrd03._.js:2075:62)
    at http://localhost:3210/_next/static/chunks/node_modules_next_dist_client_16lnmlo._.js:3677:27
[ 2125365ms] [LOG] [HMR] connected @ http://localhost:3210/_next/static/chunks/node_modules_next_dist_1gdrd03._.js:1226
